>>> matrix = [[4, 8, 12], [16, 20, 24]]
>>> matrix_divided(matrix, 4)
[[1.0, 2.0, 3.0], [4.0, 5.0, 6.0]]

>>> matrix = [[2, 4], [6, 8]]
>>> matrix_divided(matrix, 2)
[[1.0, 2.0], [3.0, 4.0]]

>>> matrix = [[1, 2, 3], [4, 5, 6]]
>>> matrix_divided(matrix, 3)
[[0.33, 0.67, 1.0], [1.33, 1.67, 2.0]]

>>> matrix = [[1, 2], [3, 4, 5]]
>>> matrix_divided(matrix, 2)
Traceback (most recent call last):
    ...
TypeError: Each row of the matrix must have the same size

>>> matrix_divided([[1, "a"], [3, 4]], 2)
Traceback (most recent call last):
    ...
TypeError: matrix must be a matrix (list of lists) of integers/floats

>>> matrix_divided([[1, 2], [3, 4]], 0)
Traceback (most recent call last):
    ...
ZeroDivisionError: division by zero
